<html>
<body>
<pre>
<h1>µVision Build Log</h1>
<h2>Tool Versions:</h2>
IDE-Version: ¦ÌVision V5.24.2.0
Copyright (C) 2017 ARM Ltd and ARM Germany GmbH. All rights reserved.
License Information: x x, x, LIC=65ISZ-JE50K-129LE-546WL-BZKPG-U3W7L
 
Tool Versions:
Toolchain:       MDK-ARM Plus  Version: 5.24.1
Toolchain Path:  D:\keil_v5\ARM\ARMCC\Bin
C Compiler:      Armcc.exe V5.06 update 5 (build 528)
Assembler:       Armasm.exe V5.06 update 5 (build 528)
Linker/Locator:  ArmLink.exe V5.06 update 5 (build 528)
Library Manager: ArmAr.exe V5.06 update 5 (build 528)
Hex Converter:   FromElf.exe V5.06 update 5 (build 528)
CPU DLL:         SARMCM3.DLL V5.24.1
Dialog DLL:      DCM.DLL V1.16.0.0
Target DLL:      STLink\ST-LINKIII-KEIL_SWO.dll V3.0.1.0
Dialog DLL:      TCM.DLL V1.32.0.0
 
<h2>Project:</h2>
D:\Desktop\STM32\stm32f407vet6\stm32f407_hal\lcdÓ²¼þspi\MDK-ARM\lcd.uvprojx
Project File Date:  03/10/2025

<h2>Output:</h2>
*** Using Compiler 'V5.06 update 5 (build 528)', folder: 'D:\keil_v5\ARM\ARMCC\Bin'
Build target 'lcd'
compiling freertos.c...
../bsp/gy302.h(21): warning:  #1-D: last line of file ends without a newline
  #endif
../bsp/esp01s.h(57): warning:  #1-D: last line of file ends without a newline
  #endif
../bsp/mqtt.h(30): warning:  #1-D: last line of file ends without a newline
  #endif
../bsp/mqtt_config.h(21): warning:  #1-D: last line of file ends without a newline
  #endif // MQTT_CONFIG_H
../Core/Src/freertos.c(321): warning:  #177-D: variable "xLastWakeTime"  was declared but never referenced
      TickType_t xLastWakeTime;
../Core/Src/freertos.c(352): warning:  #177-D: variable "retry_count"  was declared but never referenced
      uint8_t retry_count;
../Core/Src/freertos.c: 6 warnings, 0 errors
compiling main.c...
../bsp/gy302.h(21): warning:  #1-D: last line of file ends without a newline
  #endif
../bsp/esp01s.h(57): warning:  #1-D: last line of file ends without a newline
  #endif
../bsp/mqtt.h(30): warning:  #1-D: last line of file ends without a newline
  #endif
../bsp/mqtt_config.h(21): warning:  #1-D: last line of file ends without a newline
  #endif // MQTT_CONFIG_H
../Core/Src/main.c: 4 warnings, 0 errors
linking...
Program Size: Code=186144 RO-data=144908 RW-data=868 ZI-data=73416  
FromELF: creating hex file...
"lcd\lcd.axf" - 0 Error(s), 10 Warning(s).

<h2>Software Packages used:</h2>

Package Vendor: ARM
                http://www.keil.com/pack/ARM.CMSIS.5.0.1.pack
                ARM.CMSIS.5.0.1
                CMSIS (Cortex Microcontroller Software Interface Standard)
   * Component: CORE Version: 5.0.1

Package Vendor: Keil
                http://www.keil.com/pack/Keil.STM32F4xx_DFP.1.0.8.pack
                Keil.STM32F4xx_DFP.1.0.8
                STMicroelectronics STM32F4 Series Device Support, Drivers and Examples

<h2>Collection of Component include folders:</h2>
  .\RTE\_lcd
  D:\keil_v5\ARM\PACK\ARM\CMSIS\5.0.1\CMSIS\Include
  D:\keil_v5\ARM\PACK\Keil\STM32F4xx_DFP\1.0.8\Device\Include

<h2>Collection of Component Files used:</h2>

   * Component: ARM::CMSIS:CORE:5.0.1
Build Time Elapsed:  00:00:07
</pre>
</body>
</html>
